亲爱的各位同事

       我们即将于2020年1月搬迁至小米科技园办公，园区停车场由小米科技园统一管理。现需要收集大家停车需求，以便我们安排停车实施细则。

注意事项：1、收费标准：所有申请车位均需支付租金，车位租金为400元/月，半年付；

                  2、正常摇号：每年6月和12月进行，次月1日生效；

                 3、补位摇号：针对空出车位时间，每月不定期进行摇号。补位摇号车位使用期限与当前批次正常摇号周期一致，补位摇号租金按照实际剩余时间支付。                
                 
                 4、此次报名时间截止后（2019年12月5日—12月10日18:00），除有空出车位情况外，半年内没有资格参与车位分配，直至下次摇号方可参与。

申请须知：
                1、报名时间：2019年12月5日—12月10日18:00 （逾期不接受任何形式补报）

                     唯一报名链接：https://d.wps.cn/v/8vNjX?_e45&s=cp

                2、每位员工最多可提交两台车辆信息，同一时间段，仅可有一台车辆入场，禁止两台车辆同时入场；

                3、最终车辆摇号，计划将于2019年12月12日—13日进行，具体形式及支付方式将以邮件形式另行通知报名同事，请大家提前准备好申请所需材料。
                    
                     申请所需材料：
                     ①     本人驾驶证原件及复印件；
                     ②     车辆行驶本原件及复印件；
                     ③     交强险原件及复印件（与车辆行驶本信息保持一致）。

退租流程：
               1、 至少提前10个自然日提交退租申请，待审批确认后，3个工作日内，剩余租金将原路退回；
               
               2、退款计算方式：按照剩余停车期限，整月的按整月计算，剩余日期按当月自然日计算。示例：某同学车位剩余期限2个月零5天，退款金额=2*400+（400/30*5）               

附则：
              1、确保提交车辆信息真实有效，禁止提供虚假资料；
              2、停车场仅针对内部员工开放，禁止为他人办理车位；
              3、禁止私下转让车位；
              4、共享充电桩车位仅限新能源车辆停放，首次违反警告处理，第二次按违反相关规定处理；
              5、遵守停车场使用管理规定；
              6、一经发现违反相关规定，收回并永久取消停车资格，不予退款，全员通报批评。

温馨提示：
              对于报名但未中签的同学，我们为大家推荐3个周边停车点，供大家参考：
              ①     当代城市家园，距离小米科技园400m，1元/小时；
              ②     西二旗铭科苑，距离小米科技园380m，0.5元/小时；
              ③     安宁华庭，距离科技园570m，1元/小时，1小时内免费。
亲爱的各位同事

       我们即将于2020年1月搬迁至小米科技园办公，园区停车场由小米科技园统一管理。现需要收集大家停车需求，以便我们安排停车实施细则。

注意事项：1、收费标准：所有申请车位均需支付租金，车位租金为400元/月，半年付；

                  2、正常摇号：每年6月和12月进行，次月1日生效；

                 3、补位摇号：针对空出车位时间，每月不定期进行摇号。补位摇号车位使用期限与当前批次正常摇号周期一致，补位摇号租金按照实际剩余时间支付。                
                 
                 4、此次报名时间截止后（2019年12月5日—12月10日18:00），除有空出车位情况外，半年内没有资格参与车位分配，直至下次摇号方可参与。

申请须知：
                1、报名时间：2019年12月5日—12月10日18:00 （逾期不接受任何形式补报）

                     唯一报名链接：https://d.wps.cn/v/8vNjX?_e45&s=cp

                2、每位员工最多可提交两台车辆信息，同一时间段，仅可有一台车辆入场，禁止两台车辆同时入场；

                3、最终车辆摇号，计划将于2019年12月12日—13日进行，具体形式及支付方式将以邮件形式另行通知报名同事，请大家提前准备好申请所需材料。
                    
                     申请所需材料：
                     ①     本人驾驶证原件及复印件；
                     ②     车辆行驶本原件及复印件；
                     ③     交强险原件及复印件（与车辆行驶本信息保持一致）。

退租流程：
               1、 至少提前10个自然日提交退租申请，待审批确认后，3个工作日内，剩余租金将原路退回；
               
               2、退款计算方式：按照剩余停车期限，整月的按整月计算，剩余日期按当月自然日计算。示例：某同学车位剩余期限2个月零5天，退款金额=2*400+（400/30*5）               

附则：
              1、确保提交车辆信息真实有效，禁止提供虚假资料；
              2、停车场仅针对内部员工开放，禁止为他人办理车位；
              3、禁止私下转让车位；
              4、共享充电桩车位仅限新能源车辆停放，首次违反警告处理，第二次按违反相关规定处理；
              5、遵守停车场使用管理规定；
              6、一经发现违反相关规定，收回并永久取消停车资格，不予退款，全员通报批评。

温馨提示：
              对于报名但未中签的同学，我们为大家推荐3个周边停车点，供大家参考：
              ①     当代城市家园，距离小米科技园400m，1元/小时；
              ②     西二旗铭科苑，距离小米科技园380m，0.5元/小时；
              ③     安宁华庭，距离科技园570m，1元/小时，1小时内免费。
亲爱的各位同事

       我们即将于2020年1月搬迁至小米科技园办公，园区停车场由小米科技园统一管理。现需要收集大家停车需求，以便我们安排停车实施细则。

注意事项：1、收费标准：所有申请车位均需支付租金，车位租金为400元/月，半年付；

                  2、正常摇号：每年6月和12月进行，次月1日生效；

                 3、补位摇号：针对空出车位时间，每月不定期进行摇号。补位摇号车位使用期限与当前批次正常摇号周期一致，补位摇号租金按照实际剩余时间支付。                
                 
                 4、此次报名时间截止后（2019年12月5日—12月10日18:00），除有空出车位情况外，半年内没有资格参与车位分配，直至下次摇号方可参与。

申请须知：
                1、报名时间：2019年12月5日—12月10日18:00 （逾期不接受任何形式补报）

                     唯一报名链接：https://d.wps.cn/v/8vNjX?_e45&s=cp

                2、每位员工最多可提交两台车辆信息，同一时间段，仅可有一台车辆入场，禁止两台车辆同时入场；

                3、最终车辆摇号，计划将于2019年12月12日—13日进行，具体形式及支付方式将以邮件形式另行通知报名同事，请大家提前准备好申请所需材料。
                    
                     申请所需材料：
                     ①     本人驾驶证原件及复印件；
                     ②     车辆行驶本原件及复印件；
                     ③     交强险原件及复印件（与车辆行驶本信息保持一致）。

退租流程：
               1、 至少提前10个自然日提交退租申请，待审批确认后，3个工作日内，剩余租金将原路退回；
               
               2、退款计算方式：按照剩余停车期限，整月的按整月计算，剩余日期按当月自然日计算。示例：某同学车位剩余期限2个月零5天，退款金额=2*400+（400/30*5）               

附则：
              1、确保提交车辆信息真实有效，禁止提供虚假资料；
              2、停车场仅针对内部员工开放，禁止为他人办理车位；
              3、禁止私下转让车位；
              4、共享充电桩车位仅限新能源车辆停放，首次违反警告处理，第二次按违反相关规定处理；
              5、遵守停车场使用管理规定；
              6、一经发现违反相关规定，收回并永久取消停车资格，不予退款，全员通报批评。

温馨提示：
              对于报名但未中签的同学，我们为大家推荐3个周边停车点，供大家参考：
              ①     当代城市家园，距离小米科技园400m，1元/小时；
              ②     西二旗铭科苑，距离小米科技园380m，0.5元/小时；
              ③     安宁华庭，距离科技园570m，1元/小时，1小时内免费。
亲爱的各位同事

       我们即将于2020年1月搬迁至小米科技园办公，园区停车场由小米科技园统一管理。现需要收集大家停车需求，以便我们安排停车实施细则。

注意事项：1、收费标准：所有申请车位均需支付租金，车位租金为400元/月，半年付；

                  2、正常摇号：每年6月和12月进行，次月1日生效；

                 3、补位摇号：针对空出车位时间，每月不定期进行摇号。补位摇号车位使用期限与当前批次正常摇号周期一致，补位摇号租金按照实际剩余时间支付。                
                 
                 4、此次报名时间截止后（2019年12月5日—12月10日18:00），除有空出车位情况外，半年内没有资格参与车位分配，直至下次摇号方可参与。

申请须知：
                1、报名时间：2019年12月5日—12月10日18:00 （逾期不接受任何形式补报）

                     唯一报名链接：https://d.wps.cn/v/8vNjX?_e45&s=cp

                2、每位员工最多可提交两台车辆信息，同一时间段，仅可有一台车辆入场，禁止两台车辆同时入场；

                3、最终车辆摇号，计划将于2019年12月12日—13日进行，具体形式及支付方式将以邮件形式另行通知报名同事，请大家提前准备好申请所需材料。
                    
                     申请所需材料：
                     ①     本人驾驶证原件及复印件；
                     ②     车辆行驶本原件及复印件；
                     ③     交强险原件及复印件（与车辆行驶本信息保持一致）。

退租流程：
               1、 至少提前10个自然日提交退租申请，待审批确认后，3个工作日内，剩余租金将原路退回；
               
               2、退款计算方式：按照剩余停车期限，整月的按整月计算，剩余日期按当月自然日计算。示例：某同学车位剩余期限2个月零5天，退款金额=2*400+（400/30*5）               

附则：
              1、确保提交车辆信息真实有效，禁止提供虚假资料；
              2、停车场仅针对内部员工开放，禁止为他人办理车位；
              3、禁止私下转让车位；
              4、共享充电桩车位仅限新能源车辆停放，首次违反警告处理，第二次按违反相关规定处理；
              5、遵守停车场使用管理规定；
              6、一经发现违反相关规定，收回并永久取消停车资格，不予退款，全员通报批评。

温馨提示：
              对于报名但未中签的同学，我们为大家推荐3个周边停车点，供大家参考：
              ①     当代城市家园，距离小米科技园400m，1元/小时；
              ②     西二旗铭科苑，距离小米科技园380m，0.5元/小时；
              ③     安宁华庭，距离科技园570m，1元/小时，1小时内免费。
亲爱的各位同事

       我们即将于2020年1月搬迁至小米科技园办公，园区停车场由小米科技园统一管理。现需要收集大家停车需求，以便我们安排停车实施细则。

注意事项：1、收费标准：所有申请车位均需支付租金，车位租金为400元/月，半年付；

                  2、正常摇号：每年6月和12月进行，次月1日生效；

                 3、补位摇号：针对空出车位时间，每月不定期进行摇号。补位摇号车位使用期限与当前批次正常摇号周期一致，补位摇号租金按照实际剩余时间支付。                
                 
                 4、此次报名时间截止后（2019年12月5日—12月10日18:00），除有空出车位情况外，半年内没有资格参与车位分配，直至下次摇号方可参与。

申请须知：
                1、报名时间：2019年12月5日—12月10日18:00 （逾期不接受任何形式补报）

                     唯一报名链接：https://d.wps.cn/v/8vNjX?_e45&s=cp

                2、每位员工最多可提交两台车辆信息，同一时间段，仅可有一台车辆入场，禁止两台车辆同时入场；

                3、最终车辆摇号，计划将于2019年12月12日—13日进行，具体形式及支付方式将以邮件形式另行通知报名同事，请大家提前准备好申请所需材料。
                    
                     申请所需材料：
                     ①     本人驾驶证原件及复印件；
                     ②     车辆行驶本原件及复印件；
                     ③     交强险原件及复印件（与车辆行驶本信息保持一致）。

退租流程：
               1、 至少提前10个自然日提交退租申请，待审批确认后，3个工作日内，剩余租金将原路退回；
               
               2、退款计算方式：按照剩余停车期限，整月的按整月计算，剩余日期按当月自然日计算。示例：某同学车位剩余期限2个月零5天，退款金额=2*400+（400/30*5）               

附则：
              1、确保提交车辆信息真实有效，禁止提供虚假资料；
              2、停车场仅针对内部员工开放，禁止为他人办理车位；
              3、禁止私下转让车位；
              4、共享充电桩车位仅限新能源车辆停放，首次违反警告处理，第二次按违反相关规定处理；
              5、遵守停车场使用管理规定；
              6、一经发现违反相关规定，收回并永久取消停车资格，不予退款，全员通报批评。

温馨提示：
              对于报名但未中签的同学，我们为大家推荐3个周边停车点，供大家参考：
              ①     当代城市家园，距离小米科技园400m，1元/小时；
              ②     西二旗铭科苑，距离小米科技园380m，0.5元/小时；
              ③     安宁华庭，距离科技园570m，1元/小时，1小时内免费。
    亲爱的各位同事

       我们即将于2020年1月搬迁至小米科技园办公，园区停车场由小米科技园统一管理。现需要收集大家停车需求，以便我们安排停车实施细则。

注意事项：1、收费标准：所有申请车位均需支付租金，车位租金为400元/月，半年付；

                  2、正常摇号：每年6月和12月进行，次月1日生效；

                 3、补位摇号：针对空出车位时间，每月不定期进行摇号。补位摇号车位使用期限与当前批次正常摇号周期一致，补位摇号租金按照实际剩余时间支付。                
                 
                 4、此次报名时间截止后（2019年12月5日—12月10日18:00），除有空出车位情况外，半年内没有资格参与车位分配，直至下次摇号方可参与。

申请须知：
                1、报名时间：2019年12月5日—12月10日18:00 （逾期不接受任何形式补报）

                     唯一报名链接：https://d.wps.cn/v/8vNjX?_e45&s=cp

                2、每位员工最多可提交两台车辆信息，同一时间段，仅可有一台车辆入场，禁止两台车辆同时入场；

                3、最终车辆摇号，计划将于2019年12月12日—13日进行，具体形式及支付方式将以邮件形式另行通知报名同事，请大家提前准备好申请所需材料。
                    
                     申请所需材料：
                     ①     本人驾驶证原件及复印件；
                     ②     车辆行驶本原件及复印件；
                     ③     交强险原件及复印件（与车辆行驶本信息保持一致）。

退租流程：
               1、 至少提前10个自然日提交退租申请，待审批确认后，3个工作日内，剩余租金将原路退回；
               
               2、退款计算方式：按照剩余停车期限，整月的按整月计算，剩余日期按当月自然日计算。示例：某同学车位剩余期限2个月零5天，退款金额=2*400+（400/30*5）               

附则：
              1、确保提交车辆信息真实有效，禁止提供虚假资料；
              2、停车场仅针对内部员工开放，禁止为他人办理车位；
              3、禁止私下转让车位；
              4、共享充电桩车位仅限新能源车辆停放，首次违反警告处理，第二次按违反相关规定处理；
              5、遵守停车场使用管理规定；
              6、一经发现违反相关规定，收回并永久取消停车资格，不予退款，全员通报批评。

温馨提示：
              对于报名但未中签的同学，我们为大家推荐3个周边停车点，供大家参考：
              ①     当代城市家园，距离小米科技园400m，1元/小时；
              ②     西二旗铭科苑，距离小米科技园380m，0.5元/小时；
              ③     安宁华庭，距离科技园570m，1元/小时，1小时内免费。